
> vite_react_shadcn_ts@0.0.0 build
> vite build

[36mvite v5.4.19 [32mbuilding for production...[36m[39m
transforming...
node.exe : 
Browserslist: 
browsers data 
(caniuse-lite) is 8 
months old. Please 
run:
At line:1 char:1
+ & "C:\Program Files
\nodejs/node.exe" 
"C:\Program 
Files\nodejs/node_mo 
...
+ ~~~~~~~~~~~~~~~~~~~
~~~~~~~~~~~~~~~~~~~~~
~~~~~~~~~~~~~~~~~~~~~
~~~~~~~~
    + CategoryInfo   
           : NotSpe  
  cified: (Browser   
 slist: b...ld. P    
lease run::Strin    
g) [], RemoteExc    
eption
    + FullyQualified 
   ErrorId : Native  
  CommandError
 
  npx update-browsers
list-db@latest
  Why you should do 
it regularly: https:/
/github.com/browsersl
ist/update-db#readme
[1m[33m[plugin:vite
:esbuild][39m[22m 
[33m[plugin 
vite:esbuild] src/com
ponents/leads/EditLea
dDialog.tsx: 
[33mDuplicate key 
"product_category" 
in object 
literal[33m
146|                 
 lead_source: 
values.lead_source 
|| null,
147|                 
 product_category: va
lues.product_category
 || null,
148|                 
 product_category: va
lues.product_category
 || null,
   |                 
 ^
149|                 
 product_purchased: v
alues.product_purchas
ed || null, // This 
stores the Product 
Name
150|                 
 reminder_at: 
reminderAt ? reminder
At.toISOString() : 
null, // Add 
reminder_at
[39m
[32mΓ£ô[39m 3575 modules transformed.
[31mx[39m Build 
failed in 16.07s
[31merror during 
build:
[31msrc/components/l
eads/UploadLeadsDialo
g.tsx (19:9): 
"Constants" is not 
exported by "src/inte
grations/supabase/typ
es.ts", imported by "
src/components/leads/
UploadLeadsDialog.tsx
".[31m
file: [36mC:/Users/p
pdub/Documents/Work/W
eskill/Software/Faste
stCRM/src/components/
leads/UploadLeadsDial
og.tsx:19:9[31m
[33m
17: import { Upload, 
FileUp, Download, 
AlertCircle, 
CheckCircle } from 
'lucide-react';
18: import Papa from 
'papaparse';
19: import { 
Constants } from '@/i
ntegrations/supabase/
types';
             ^
20: import { 
Progress } from '@/co
mponents/ui/progress'
;
21: import { 
useQueryClient } 
from '@tanstack/react
-query';
[31m
    at 
getRollupError (file:
///C:/Users/ppdub/Doc
uments/Work/Weskill/S
oftware/FastestCRM/no
de_modules/rollup/dis
t/es/shared/parseAst.
js:395:41)
    at error (file://
/C:/Users/ppdub/Docum
ents/Work/Weskill/Sof
tware/FastestCRM/node
_modules/rollup/dist/
es/shared/parseAst.js
:391:42)
    at Module.error (
file:///C:/Users/ppdu
b/Documents/Work/Wesk
ill/Software/FastestC
RM/node_modules/rollu
p/dist/es/shared/node
-entry.js:15535:16)
    at 
Module.traceVariable 
(file:///C:/Users/ppd
ub/Documents/Work/Wes
kill/Software/Fastest
CRM/node_modules/roll
up/dist/es/shared/nod
e-entry.js:15984:29)
    at ModuleScope.fi
ndVariable (file:///C
:/Users/ppdub/Documen
ts/Work/Weskill/Softw
are/FastestCRM/node_m
odules/rollup/dist/es
/shared/node-entry.js
:13770:39)
    at FunctionScope.
findVariable (file://
/C:/Users/ppdub/Docum
ents/Work/Weskill/Sof
tware/FastestCRM/node
_modules/rollup/dist/
es/shared/node-entry.
js:5252:38)
    at FunctionBodySc
ope.findVariable (fil
e:///C:/Users/ppdub/D
ocuments/Work/Weskill
/Software/FastestCRM/
node_modules/rollup/d
ist/es/shared/node-en
try.js:5252:38)
    at ReturnValueSco
pe.findVariable (file
:///C:/Users/ppdub/Do
cuments/Work/Weskill/
Software/FastestCRM/n
ode_modules/rollup/di
st/es/shared/node-ent
ry.js:5252:38)
    at FunctionBodySc
ope.findVariable (fil
e:///C:/Users/ppdub/D
ocuments/Work/Weskill
/Software/FastestCRM/
node_modules/rollup/d
ist/es/shared/node-en
try.js:5252:38)
    at ReturnValueSco
pe.findVariable (file
:///C:/Users/ppdub/Do
cuments/Work/Weskill/
Software/FastestCRM/n
ode_modules/rollup/di
st/es/shared/node-ent
ry.js:5252:38)[39m
